// Jest Snapshot v1, https://goo.gl/fbAQLP

exports[`expense list renders with data 1`] = `
<Fragment>
  <div>
    <ExpenseListItem
      amount={50}
      createdOn="Wed Dec 31 1969 19:00:00 GMT-0500"
      description="gum"
      id="1"
      key="1"
      note=""
    />
    <ExpenseListItem
      amount={485}
      createdOn="Tue Dec 30 1969 19:00:00 GMT-0500"
      description="green rock candy"
      id="2"
      key="2"
      note=""
    />
    <ExpenseListItem
      amount={800}
      createdOn="Thu Jan 01 1970 19:00:00 GMT-0500"
      description="chocolate"
      id="3"
      key="3"
      note=""
    />
  </div>
</Fragment>
`;

exports[`expense list renders without data 1`] = `
<Fragment>
  <p>
    No expenses found.
  </p>
</Fragment>
`;
