// Jest Snapshot v1, https://goo.gl/fbAQLP

exports[`expense list renders with data 1`] = `
<Fragment>
  <div>
    <ExpenseListItem
      amount={50}
      createdOn={"1970-01-01T00:00:00.000Z"}
      description="gum"
      id="1"
      key="1"
      note=""
    />
    <ExpenseListItem
      amount={485}
      createdOn={"1969-12-31T00:00:00.000Z"}
      description="green rock candy"
      id="2"
      key="2"
      note=""
    />
    <ExpenseListItem
      amount={800}
      createdOn={"1970-01-02T00:00:00.000Z"}
      description="chocolate"
      id="3"
      key="3"
      note=""
    />
  </div>
</Fragment>
`;

exports[`expense list renders without data 1`] = `
<Fragment>
  <p>
    No expenses found.
  </p>
</Fragment>
`;
